// Vitest Snapshot v1, https://vitest.dev/guide/snapshot.html

exports[`already formatted 1`] = `[]`;

exports[`operation: delete 1`] = `
[
  {
    "deleteText": " ",
    "end": {
      "column": 10,
      "line": 1,
      "offset": 9,
    },
    "insertText": "",
    "message": "Delete \`·\`",
    "operation": 0,
    "start": {
      "column": 9,
      "line": 1,
      "offset": 8,
    },
  },
]
`;

exports[`operation: insert 1`] = `
[
  {
    "deleteText": "",
    "end": {
      "column": 8,
      "line": 1,
      "offset": 7,
    },
    "insertText": " ",
    "message": "Insert \`·\`",
    "operation": 1,
    "start": {
      "column": 8,
      "line": 1,
      "offset": 7,
    },
  },
]
`;

exports[`operation: replace 1`] = `
[
  {
    "deleteText": "'a'",
    "end": {
      "column": 14,
      "line": 1,
      "offset": 13,
    },
    "insertText": "\\"a\\"",
    "message": "Replace \`'a'\` with \`\\"a\\"\`",
    "operation": 2,
    "start": {
      "column": 11,
      "line": 1,
      "offset": 10,
    },
  },
]
`;
