// Vitest Snapshot v1, https://vitest.dev/guide/snapshot.html

exports[`failure 1`] = `
{
  "errorCount": 1,
  "filePath": "path/to/somewhere.js",
  "messages": [
    {
      "column": 7,
      "line": 1,
      "message": "Unexpected token (1:7)",
      "nodeType": "Unknown",
      "ruleId": "prettier/prettier",
      "severity": 2,
    },
  ],
  "source": "const 123;",
  "warningCount": 0,
}
`;

exports[`success 1`] = `
{
  "errorCount": 0,
  "filePath": "path/to/somewhere.js",
  "messages": [],
  "source": "let x = 1;
",
  "warningCount": 0,
}
`;
